# serializer version: 1
# name: test_patient_with_extensions
  dict({
    '_birth_date': dict({
      'extension': list([
        dict({
          'url': 'http://hl7.org/fhir/StructureDefinition/patient-birthTime',
          'valueDateTime': '1990-03-15T08:22:00-05:00',
        }),
      ]),
    }),
    'birthDate': '1990-03-15',
    'contact': list([
      dict({
        'extension': list([
          dict({
            'url': 'http://example.org/fhir/StructureDefinition/contact-priority',
            'valueInteger': 1,
          }),
        ]),
        'name': dict({
          'family': 'Watson',
          'given': list([
            'John',
          ]),
        }),
        'telecom': list([
          dict({
            'system': 'phone',
            'value': '+44-20-7946-1234',
          }),
        ]),
      }),
    ]),
    'extension': list([
      dict({
        'url': 'http://hl7.org/fhir/StructureDefinition/patient-birthPlace',
        'valueAddress': dict({
          'city': 'Springfield',
          'country': 'US',
        }),
      }),
    ]),
    'id': 'ext-demo',
    'modifierExtension': list([
      dict({
        'url': 'http://example.org/fhir/StructureDefinition/do-not-contact',
        'valueBoolean': False,
      }),
    ]),
    'name': list([
      dict({
        '_family': dict({
          'extension': list([
            dict({
              'url': 'http://hl7.org/fhir/StructureDefinition/humanname-own-prefix',
              'valueString': 'van',
            }),
          ]),
        }),
        '_given': list([
          dict({
            'extension': list([
              dict({
                'url': 'http://example.org/fhir/StructureDefinition/name-source',
                'valueCode': 'birth-certificate',
              }),
            ]),
          }),
          None,
          dict({
            'extension': list([
              dict({
                'url': 'http://example.org/fhir/StructureDefinition/name-source',
                'valueCode': 'baptism-record',
              }),
            ]),
          }),
        ]),
        'extension': list([
          dict({
            'url': 'http://example.org/fhir/StructureDefinition/name-verified',
            'valueBoolean': True,
          }),
        ]),
        'family': 'van Beethoven',
        'given': list([
          'Ludwig',
          'Maria',
          'Johann',
        ]),
      }),
    ]),
  })
# ---
