// Bun Snapshot v1, https://bun.sh/docs/test/snapshots

exports[`demo: create a patient with required meta create sets meta.profile and preserves caller meta fields 1`] = `
{
  "meta": {
    "lastUpdated": "2024-01-01T00:00:00Z",
    "profile": [
      "http://example.org/fhir/StructureDefinition/PatientMetaRequired",
    ],
    "versionId": "1",
  },
  "resourceType": "Patient",
}
`;
